{"level":"info","message":"Server running on port 5000","timestamp":"2025-12-31T13:12:25.806Z"}
{"level":"info","message":"Environment: development","timestamp":"2025-12-31T13:12:25.810Z"}
{"level":"info","message":"Connected to MongoDB","timestamp":"2025-12-31T13:12:25.832Z"}
{"level":"info","message":"Client connected:","timestamp":"2025-12-31T13:35:48.004Z"}
{"level":"info","message":"Client disconnected:","timestamp":"2025-12-31T13:35:49.550Z"}
{"level":"info","message":"Client connected:","timestamp":"2025-12-31T13:36:45.064Z"}
{"level":"info","message":"Client disconnected:","timestamp":"2025-12-31T13:36:45.313Z"}
{"level":"info","message":"Client connected:","timestamp":"2025-12-31T13:40:09.719Z"}
{"level":"info","message":"Client disconnected:","timestamp":"2025-12-31T13:40:12.412Z"}
{"level":"info","message":"Client connected:","timestamp":"2025-12-31T13:51:01.380Z"}
{"level":"info","message":"Client connected:","timestamp":"2025-12-31T13:51:09.823Z"}
{"level":"info","message":"Client disconnected:","timestamp":"2025-12-31T13:51:09.857Z"}
{"level":"info","message":"Client disconnected:","timestamp":"2025-12-31T13:51:14.917Z"}
{"level":"info","message":"Client connected:","timestamp":"2025-12-31T14:11:33.068Z"}
{"level":"info","message":"Client connected:","timestamp":"2025-12-31T14:11:33.096Z"}
{"level":"info","message":"Client disconnected:","timestamp":"2025-12-31T14:11:34.307Z"}
{"level":"info","message":"Client disconnected:","timestamp":"2025-12-31T14:11:34.311Z"}
{"level":"info","message":"Client connected:","timestamp":"2025-12-31T14:22:46.131Z"}
{"level":"info","message":"Client connected:","timestamp":"2025-12-31T14:22:46.158Z"}
{"level":"info","message":"Client connected:","timestamp":"2025-12-31T14:22:46.183Z"}
{"level":"info","message":"Client connected:","timestamp":"2025-12-31T14:22:46.299Z"}
{"level":"info","message":"Client disconnected:","timestamp":"2025-12-31T14:22:46.324Z"}
{"level":"info","message":"Client disconnected:","timestamp":"2025-12-31T14:22:47.228Z"}
{"level":"info","message":"Client disconnected:","timestamp":"2025-12-31T14:22:47.327Z"}
{"level":"info","message":"Client connected:","timestamp":"2025-12-31T14:30:06.887Z"}
{"level":"info","message":"Client connected:","timestamp":"2025-12-31T14:30:06.902Z"}
{"level":"info","message":"Client connected:","timestamp":"2025-12-31T14:30:14.553Z"}
{"level":"info","message":"Client connected:","timestamp":"2025-12-31T14:30:14.568Z"}
{"level":"info","message":"Client disconnected:","timestamp":"2025-12-31T14:30:15.280Z"}
{"level":"info","message":"Client disconnected:","timestamp":"2025-12-31T14:30:15.397Z"}
{"level":"info","message":"Client disconnected:","timestamp":"2025-12-31T14:30:29.256Z"}
{"level":"info","message":"Client disconnected:","timestamp":"2025-12-31T14:30:29.351Z"}
{"level":"info","message":"Client connected:","timestamp":"2025-12-31T14:31:01.199Z"}
{"level":"info","message":"Client connected:","timestamp":"2025-12-31T14:31:01.222Z"}
{"level":"info","message":"Client disconnected:","timestamp":"2025-12-31T14:31:01.347Z"}
{"level":"info","message":"Client disconnected:","timestamp":"2025-12-31T14:31:02.245Z"}
{"level":"info","message":"Client disconnected:","timestamp":"2025-12-31T14:41:52.276Z"}
{"level":"info","message":"Client connected:","timestamp":"2025-12-31T15:59:43.849Z"}
{"level":"info","message":"Client connected:","timestamp":"2025-12-31T15:59:43.859Z"}
{"level":"info","message":"Client connected:","timestamp":"2025-12-31T15:59:43.895Z"}
{"level":"info","message":"Client disconnected:","timestamp":"2025-12-31T16:03:46.061Z"}
{"level":"info","message":"Client disconnected:","timestamp":"2025-12-31T16:17:03.164Z"}
{"level":"info","message":"Client connected:","timestamp":"2025-12-31T16:23:21.560Z"}
{"level":"info","message":"Client connected:","timestamp":"2025-12-31T16:23:32.653Z"}
{"level":"info","message":"Client connected:","timestamp":"2025-12-31T16:23:32.672Z"}
{"level":"info","message":"Client connected:","timestamp":"2025-12-31T16:23:32.709Z"}
{"level":"info","message":"Client connected:","timestamp":"2025-12-31T16:23:32.725Z"}
{"level":"info","message":"Client connected:","timestamp":"2025-12-31T16:23:32.748Z"}
{"level":"info","message":"Client disconnected:","timestamp":"2025-12-31T16:23:32.908Z"}
{"level":"info","message":"Client disconnected:","timestamp":"2025-12-31T16:23:33.325Z"}
{"level":"info","message":"Client disconnected:","timestamp":"2025-12-31T16:23:33.436Z"}
{"level":"info","message":"Client connected:","timestamp":"2025-12-31T16:23:48.028Z"}
{"level":"info","message":"Client connected:","timestamp":"2025-12-31T16:23:48.049Z"}
{"level":"info","message":"Client connected:","timestamp":"2025-12-31T16:23:48.107Z"}
{"level":"info","message":"Client disconnected:","timestamp":"2025-12-31T16:23:48.267Z"}
{"level":"info","message":"Client disconnected:","timestamp":"2025-12-31T16:26:36.234Z"}
{"level":"info","message":"Client disconnected:","timestamp":"2025-12-31T16:26:36.236Z"}
{"level":"info","message":"Client connected:","timestamp":"2025-12-31T16:26:36.721Z"}
{"level":"info","message":"Client connected:","timestamp":"2025-12-31T16:26:58.380Z"}
{"level":"info","message":"Client connected:","timestamp":"2025-12-31T16:26:58.397Z"}
{"level":"info","message":"Client connected:","timestamp":"2025-12-31T16:26:58.476Z"}
{"level":"info","message":"Client connected:","timestamp":"2025-12-31T16:26:58.576Z"}
{"level":"info","message":"Client connected:","timestamp":"2025-12-31T16:26:58.620Z"}
{"level":"info","message":"Client disconnected:","timestamp":"2025-12-31T16:26:59.288Z"}
{"level":"info","message":"Client disconnected:","timestamp":"2025-12-31T16:26:59.432Z"}
{"level":"info","message":"Client disconnected:","timestamp":"2025-12-31T16:26:59.461Z"}
{"level":"info","message":"Client disconnected:","timestamp":"2025-12-31T16:27:24.213Z"}
{"level":"info","message":"Client connected:","timestamp":"2025-12-31T16:27:25.073Z"}
{"level":"info","message":"Client disconnected:","timestamp":"2025-12-31T16:27:38.705Z"}
{"level":"info","message":"Client connected:","timestamp":"2025-12-31T16:27:39.186Z"}
{"level":"info","message":"Client connected:","timestamp":"2025-12-31T16:30:51.233Z"}
{"level":"info","message":"Client connected:","timestamp":"2025-12-31T16:30:51.251Z"}
{"level":"info","message":"Client connected:","timestamp":"2025-12-31T16:30:51.266Z"}
{"level":"info","message":"Client disconnected:","timestamp":"2025-12-31T16:30:52.253Z"}
{"level":"info","message":"Client disconnected:","timestamp":"2025-12-31T16:30:52.580Z"}
{"level":"info","message":"Client disconnected:","timestamp":"2025-12-31T16:40:08.699Z"}
{"level":"info","message":"Server running on port 5000","timestamp":"2026-01-02T20:56:19.814Z"}
{"level":"info","message":"Environment: development","timestamp":"2026-01-02T20:56:19.818Z"}
{"level":"info","message":"Connected to MongoDB","timestamp":"2026-01-02T20:56:19.848Z"}
{"level":"info","message":"Server running on port 5000","timestamp":"2026-01-02T21:16:28.459Z"}
{"level":"info","message":"Environment: development","timestamp":"2026-01-02T21:16:28.462Z"}
{"level":"info","message":"Connected to MongoDB","timestamp":"2026-01-02T21:16:28.483Z"}
{"level":"info","message":"Client connected:","timestamp":"2026-01-02T21:20:46.135Z"}
{"level":"info","message":"Client disconnected:","timestamp":"2026-01-02T21:22:15.617Z"}
{"level":"info","message":"Server running on port 5000","timestamp":"2026-01-02T21:26:34.963Z"}
{"level":"info","message":"Environment: development","timestamp":"2026-01-02T21:26:34.967Z"}
{"level":"info","message":"Connected to MongoDB","timestamp":"2026-01-02T21:26:34.987Z"}
{"level":"info","message":"Client connected:","timestamp":"2026-01-02T21:31:45.251Z"}
{"level":"info","message":"Client connected:","timestamp":"2026-01-02T21:32:55.779Z"}
{"level":"info","message":"Client disconnected:","timestamp":"2026-01-02T21:32:55.910Z"}
{"level":"info","message":"Client disconnected:","timestamp":"2026-01-02T21:33:09.926Z"}
{"level":"info","message":"Client connected:","timestamp":"2026-01-02T21:33:09.963Z"}
{"level":"info","message":"Server running on port 5000","timestamp":"2026-01-02T21:33:37.729Z"}
{"level":"info","message":"Environment: development","timestamp":"2026-01-02T21:33:37.732Z"}
{"level":"info","message":"Connected to MongoDB","timestamp":"2026-01-02T21:33:37.763Z"}
{"level":"info","message":"Client connected:","timestamp":"2026-01-02T21:33:37.811Z"}
{"level":"info","message":"Client disconnected:","timestamp":"2026-01-02T21:34:19.847Z"}
{"level":"info","message":"Express trust proxy set to true","timestamp":"2026-01-02T21:35:27.172Z"}
{"level":"info","message":"Server running on port 5000","timestamp":"2026-01-02T21:35:28.047Z"}
{"level":"info","message":"Environment: development","timestamp":"2026-01-02T21:35:28.048Z"}
{"level":"info","message":"Connected to MongoDB","timestamp":"2026-01-02T21:35:28.075Z"}
{"level":"info","message":"Express trust proxy set to true","timestamp":"2026-01-02T21:35:34.712Z"}
{"level":"info","message":"Server running on port 5000","timestamp":"2026-01-02T21:35:35.397Z"}
{"level":"info","message":"Environment: development","timestamp":"2026-01-02T21:35:35.397Z"}
{"level":"info","message":"Connected to MongoDB","timestamp":"2026-01-02T21:35:35.419Z"}
{"level":"info","message":"Express trust proxy set to true","timestamp":"2026-01-02T21:35:41.578Z"}
{"level":"info","message":"Server running on port 5000","timestamp":"2026-01-02T21:35:42.486Z"}
{"level":"info","message":"Environment: development","timestamp":"2026-01-02T21:35:42.487Z"}
{"level":"info","message":"Connected to MongoDB","timestamp":"2026-01-02T21:35:42.514Z"}
{"level":"info","message":"Express trust proxy set to 1 (trust first proxy hop)","timestamp":"2026-01-02T21:39:10.769Z"}
{"level":"info","message":"Server running on port 5000","timestamp":"2026-01-02T21:39:11.599Z"}
{"level":"info","message":"Environment: development","timestamp":"2026-01-02T21:39:11.600Z"}
{"level":"info","message":"Connected to MongoDB","timestamp":"2026-01-02T21:39:11.630Z"}
{"level":"info","message":"Express trust proxy set to 1 (trust first proxy hop)","timestamp":"2026-01-02T21:39:28.509Z"}
{"level":"info","message":"Server running on port 5000","timestamp":"2026-01-02T21:39:29.394Z"}
{"level":"info","message":"Environment: development","timestamp":"2026-01-02T21:39:29.395Z"}
{"level":"info","message":"Connected to MongoDB","timestamp":"2026-01-02T21:39:29.426Z"}
{"level":"info","message":"Express trust proxy set to 1 (trust first proxy hop)","timestamp":"2026-01-02T21:39:44.798Z"}
{"level":"info","message":"Server running on port 5000","timestamp":"2026-01-02T21:39:45.634Z"}
{"level":"info","message":"Environment: development","timestamp":"2026-01-02T21:39:45.634Z"}
{"level":"info","message":"Connected to MongoDB","timestamp":"2026-01-02T21:39:45.670Z"}
{"level":"info","message":"Express trust proxy set to 1 (trust first proxy hop)","timestamp":"2026-01-02T21:40:04.936Z"}
{"level":"info","message":"Server running on port 5000","timestamp":"2026-01-02T21:40:05.850Z"}
{"level":"info","message":"Environment: development","timestamp":"2026-01-02T21:40:05.851Z"}
{"level":"info","message":"Connected to MongoDB","timestamp":"2026-01-02T21:40:05.878Z"}
{"level":"info","message":"Express trust proxy set to 1 (trust first proxy hop)","timestamp":"2026-01-02T21:40:17.625Z"}
{"level":"info","message":"Server running on port 5000","timestamp":"2026-01-02T21:40:18.440Z"}
{"level":"info","message":"Environment: development","timestamp":"2026-01-02T21:40:18.441Z"}
{"level":"info","message":"Connected to MongoDB","timestamp":"2026-01-02T21:40:18.471Z"}
{"level":"info","message":"Express trust proxy set to 1 (trust first proxy hop)","timestamp":"2026-01-02T21:40:46.058Z"}
{"level":"info","message":"Server running on port 5000","timestamp":"2026-01-02T21:40:46.813Z"}
{"level":"info","message":"Environment: development","timestamp":"2026-01-02T21:40:46.813Z"}
{"level":"info","message":"Connected to MongoDB","timestamp":"2026-01-02T21:40:46.836Z"}
{"level":"info","message":"Express trust proxy set to 1 (trust first proxy hop)","timestamp":"2026-01-02T21:43:10.065Z"}
{"level":"info","message":"Server running on port 5000","timestamp":"2026-01-02T21:43:10.712Z"}
{"level":"info","message":"Environment: development","timestamp":"2026-01-02T21:43:10.713Z"}
{"level":"info","message":"Connected to MongoDB","timestamp":"2026-01-02T21:43:10.735Z"}
{"level":"info","message":"Client connected:","timestamp":"2026-01-02T21:49:01.314Z"}
{"level":"info","message":"Express trust proxy set to 1 (trust first proxy hop)","timestamp":"2026-01-02T21:49:19.693Z"}
{"level":"info","message":"Server running on port 5000","timestamp":"2026-01-02T21:49:20.593Z"}
{"level":"info","message":"Environment: development","timestamp":"2026-01-02T21:49:20.599Z"}
{"level":"info","message":"Connected to MongoDB","timestamp":"2026-01-02T21:49:20.621Z"}
{"level":"info","message":"Client connected:","timestamp":"2026-01-02T21:49:22.675Z"}
{"level":"info","message":"Client disconnected:","timestamp":"2026-01-02T21:49:22.865Z"}
{"level":"info","message":"Client connected:","timestamp":"2026-01-02T21:52:22.261Z"}
{"level":"info","message":"Express trust proxy set to 1 (trust first proxy hop)","timestamp":"2026-01-02T21:55:24.780Z"}
{"level":"info","message":"Server running on port 5000","timestamp":"2026-01-02T21:55:25.598Z"}
{"level":"info","message":"Environment: development","timestamp":"2026-01-02T21:55:25.598Z"}
{"level":"info","message":"Connected to MongoDB","timestamp":"2026-01-02T21:55:25.622Z"}
{"level":"info","message":"Client connected:","timestamp":"2026-01-02T21:55:25.674Z"}
{"level":"info","message":"Client connected:","timestamp":"2026-01-02T21:56:33.503Z"}
{"level":"info","message":"Client disconnected:","timestamp":"2026-01-02T21:56:33.925Z"}
{"level":"info","message":"Client disconnected:","timestamp":"2026-01-02T21:59:59.180Z"}
{"level":"info","message":"Express trust proxy set to 1 (trust first proxy hop)","timestamp":"2026-01-02T22:06:17.651Z"}
{"level":"info","message":"Server running on port 5000","timestamp":"2026-01-02T22:06:18.325Z"}
{"level":"info","message":"Environment: development","timestamp":"2026-01-02T22:06:18.326Z"}
{"level":"info","message":"Connected to MongoDB","timestamp":"2026-01-02T22:06:18.395Z"}
{"level":"info","message":"Express trust proxy set to 1 (trust first proxy hop)","timestamp":"2026-01-02T22:11:45.747Z"}
{"level":"info","message":"Server running on port 5000","timestamp":"2026-01-02T22:11:46.582Z"}
{"level":"info","message":"Environment: development","timestamp":"2026-01-02T22:11:46.582Z"}
{"level":"info","message":"Connected to MongoDB","timestamp":"2026-01-02T22:11:46.605Z"}
{"level":"info","message":"Express trust proxy set to 1 (trust first proxy hop)","timestamp":"2026-01-02T22:19:07.644Z"}
{"level":"info","message":"Server running on port 5000","timestamp":"2026-01-02T22:19:08.502Z"}
{"level":"info","message":"Environment: development","timestamp":"2026-01-02T22:19:08.503Z"}
{"level":"info","message":"Connected to MongoDB","timestamp":"2026-01-02T22:19:08.525Z"}
{"level":"info","message":"Express trust proxy set to 1 (trust first proxy hop)","timestamp":"2026-01-02T22:25:03.287Z"}
{"level":"info","message":"Server running on port 5000","timestamp":"2026-01-02T22:25:04.461Z"}
{"level":"info","message":"Environment: development","timestamp":"2026-01-02T22:25:04.461Z"}
{"level":"info","message":"Connected to MongoDB","timestamp":"2026-01-02T22:25:04.493Z"}
{"level":"info","message":"Express trust proxy set to 1 (trust first proxy hop)","timestamp":"2026-01-02T22:30:14.406Z"}
{"level":"info","message":"Server running on port 5000","timestamp":"2026-01-02T22:30:15.246Z"}
{"level":"info","message":"Environment: development","timestamp":"2026-01-02T22:30:15.247Z"}
{"level":"info","message":"Connected to MongoDB","timestamp":"2026-01-02T22:30:15.270Z"}
{"level":"info","message":"Express trust proxy set to 1 (trust first proxy hop)","timestamp":"2026-01-02T22:33:45.533Z"}
{"level":"info","message":"Server running on port 5000","timestamp":"2026-01-02T22:33:46.262Z"}
{"level":"info","message":"Environment: development","timestamp":"2026-01-02T22:33:46.263Z"}
{"level":"info","message":"Connected to MongoDB","timestamp":"2026-01-02T22:33:46.293Z"}
{"level":"info","message":"Express trust proxy set to 1 (trust first proxy hop)","timestamp":"2026-01-02T22:38:32.030Z"}
{"level":"info","message":"Server running on port 5000","timestamp":"2026-01-02T22:38:33.025Z"}
{"level":"info","message":"Environment: development","timestamp":"2026-01-02T22:38:33.026Z"}
{"level":"info","message":"Connected to MongoDB","timestamp":"2026-01-02T22:38:33.062Z"}
{"level":"info","message":"Express trust proxy set to 1 (trust first proxy hop)","timestamp":"2026-01-02T22:51:27.228Z"}
{"level":"info","message":"Server running on port 5000","timestamp":"2026-01-02T22:51:28.154Z"}
{"level":"info","message":"Environment: development","timestamp":"2026-01-02T22:51:28.154Z"}
{"level":"info","message":"Connected to MongoDB","timestamp":"2026-01-02T22:51:28.196Z"}
{"level":"info","message":"Express trust proxy set to 1 (trust first proxy hop)","timestamp":"2026-01-02T22:55:38.781Z"}
{"level":"info","message":"Server running on port 5000","timestamp":"2026-01-02T22:55:39.717Z"}
{"level":"info","message":"Environment: development","timestamp":"2026-01-02T22:55:39.718Z"}
{"level":"info","message":"Connected to MongoDB","timestamp":"2026-01-02T22:55:39.744Z"}
{"level":"info","message":"Express trust proxy set to 1 (trust first proxy hop)","timestamp":"2026-01-02T23:03:35.353Z"}
{"level":"info","message":"Server running on port 5000","timestamp":"2026-01-02T23:03:36.235Z"}
{"level":"info","message":"Environment: development","timestamp":"2026-01-02T23:03:36.235Z"}
{"level":"info","message":"Connected to MongoDB","timestamp":"2026-01-02T23:03:36.262Z"}
{"level":"info","message":"Express trust proxy set to 1 (trust first proxy hop)","timestamp":"2026-01-02T23:25:39.495Z"}
{"level":"info","message":"Server running on port 5000","timestamp":"2026-01-02T23:25:40.385Z"}
{"level":"info","message":"Environment: development","timestamp":"2026-01-02T23:25:40.387Z"}
{"level":"info","message":"Connected to MongoDB","timestamp":"2026-01-02T23:25:40.423Z"}
{"level":"info","message":"Express trust proxy set to 1 (trust first proxy hop)","timestamp":"2026-01-02T23:26:25.880Z"}
{"level":"info","message":"Server running on port 5000","timestamp":"2026-01-02T23:26:26.779Z"}
{"level":"info","message":"Environment: development","timestamp":"2026-01-02T23:26:26.780Z"}
{"level":"info","message":"Connected to MongoDB","timestamp":"2026-01-02T23:26:26.804Z"}
{"level":"info","message":"Express trust proxy set to 1 (trust first proxy hop)","timestamp":"2026-01-02T23:30:48.188Z"}
{"level":"info","message":"Server running on port 5000","timestamp":"2026-01-02T23:30:49.023Z"}
{"level":"info","message":"Environment: development","timestamp":"2026-01-02T23:30:49.024Z"}
{"level":"info","message":"Connected to MongoDB","timestamp":"2026-01-02T23:30:49.051Z"}
{"level":"info","message":"Express trust proxy set to 1 (trust first proxy hop)","timestamp":"2026-01-02T23:37:37.642Z"}
{"level":"info","message":"Server running on port 5000","timestamp":"2026-01-02T23:37:38.560Z"}
{"level":"info","message":"Environment: development","timestamp":"2026-01-02T23:37:38.561Z"}
{"level":"info","message":"Connected to MongoDB","timestamp":"2026-01-02T23:37:38.587Z"}
{"level":"info","message":"Express trust proxy set to 1 (trust first proxy hop)","timestamp":"2026-01-02T23:38:38.885Z"}
{"level":"info","message":"Server running on port 5000","timestamp":"2026-01-02T23:38:39.669Z"}
{"level":"info","message":"Environment: development","timestamp":"2026-01-02T23:38:39.670Z"}
{"level":"info","message":"Connected to MongoDB","timestamp":"2026-01-02T23:38:39.695Z"}
{"level":"info","message":"Client connected:","timestamp":"2026-01-02T23:44:05.918Z"}
{"level":"info","message":"Client disconnected:","timestamp":"2026-01-02T23:44:10.769Z"}
{"level":"info","message":"Express trust proxy set to 1 (trust first proxy hop)","timestamp":"2026-01-02T23:44:49.340Z"}
{"level":"info","message":"Server running on port 5000","timestamp":"2026-01-02T23:44:50.235Z"}
{"level":"info","message":"Environment: development","timestamp":"2026-01-02T23:44:50.236Z"}
{"level":"info","message":"Connected to MongoDB","timestamp":"2026-01-02T23:44:50.257Z"}
{"level":"info","message":"Express trust proxy set to 1 (trust first proxy hop)","timestamp":"2026-01-02T23:48:37.233Z"}
{"level":"info","message":"Server running on port 5000","timestamp":"2026-01-02T23:48:38.110Z"}
{"level":"info","message":"Environment: development","timestamp":"2026-01-02T23:48:38.112Z"}
{"level":"info","message":"Connected to MongoDB","timestamp":"2026-01-02T23:48:38.139Z"}
{"level":"info","message":"Express trust proxy set to 1 (trust first proxy hop)","timestamp":"2026-01-02T23:51:37.577Z"}
{"level":"info","message":"Server running on port 5000","timestamp":"2026-01-02T23:51:38.374Z"}
{"level":"info","message":"Environment: development","timestamp":"2026-01-02T23:51:38.374Z"}
{"level":"info","message":"Connected to MongoDB","timestamp":"2026-01-02T23:51:38.397Z"}
{"level":"info","message":"Express trust proxy set to 1 (trust first proxy hop)","timestamp":"2026-01-02T23:55:57.255Z"}
{"level":"info","message":"Server running on port 5000","timestamp":"2026-01-02T23:55:58.046Z"}
{"level":"info","message":"Environment: development","timestamp":"2026-01-02T23:55:58.046Z"}
{"level":"info","message":"Connected to MongoDB","timestamp":"2026-01-02T23:55:58.075Z"}
{"level":"info","message":"Express trust proxy set to 1 (trust first proxy hop)","timestamp":"2026-01-03T00:10:09.214Z"}
{"level":"info","message":"Server running on port 5000","timestamp":"2026-01-03T00:10:09.977Z"}
{"level":"info","message":"Environment: development","timestamp":"2026-01-03T00:10:09.978Z"}
{"level":"info","message":"Connected to MongoDB","timestamp":"2026-01-03T00:10:10.000Z"}
{"level":"info","message":"Express trust proxy set to 1 (trust first proxy hop)","timestamp":"2026-01-03T00:30:12.443Z"}
{"level":"info","message":"Server running on port 5000","timestamp":"2026-01-03T00:30:13.248Z"}
{"level":"info","message":"Environment: development","timestamp":"2026-01-03T00:30:13.248Z"}
{"level":"info","message":"Connected to MongoDB","timestamp":"2026-01-03T00:30:13.281Z"}
{"level":"info","message":"Express trust proxy set to 1 (trust first proxy hop)","timestamp":"2026-01-03T00:34:25.976Z"}
{"level":"info","message":"Server running on port 5000","timestamp":"2026-01-03T00:34:26.778Z"}
{"level":"info","message":"Environment: development","timestamp":"2026-01-03T00:34:26.779Z"}
{"level":"info","message":"Connected to MongoDB","timestamp":"2026-01-03T00:34:26.810Z"}
{"level":"info","message":"Client connected:","timestamp":"2026-01-03T00:39:21.793Z"}
{"level":"info","message":"Client connected:","timestamp":"2026-01-03T00:39:21.803Z"}
{"level":"info","message":"Client connected:","timestamp":"2026-01-03T00:39:48.671Z"}
{"level":"info","message":"Client connected:","timestamp":"2026-01-03T00:39:48.690Z"}
{"level":"info","message":"Client disconnected:","timestamp":"2026-01-03T00:39:49.762Z"}
{"level":"info","message":"Client disconnected:","timestamp":"2026-01-03T00:39:49.774Z"}
{"level":"info","message":"Express trust proxy set to 1 (trust first proxy hop)","timestamp":"2026-01-03T00:40:05.081Z"}
{"level":"info","message":"Server running on port 5000","timestamp":"2026-01-03T00:40:05.886Z"}
{"level":"info","message":"Environment: development","timestamp":"2026-01-03T00:40:05.887Z"}
{"level":"info","message":"Connected to MongoDB","timestamp":"2026-01-03T00:40:05.910Z"}
{"level":"info","message":"Client connected:","timestamp":"2026-01-03T00:40:05.979Z"}
{"level":"info","message":"Client connected:","timestamp":"2026-01-03T00:40:06.001Z"}
{"level":"info","message":"Client disconnected:","timestamp":"2026-01-03T00:49:43.883Z"}
{"level":"info","message":"Express trust proxy set to 1 (trust first proxy hop)","timestamp":"2026-01-03T00:56:23.522Z"}
{"level":"info","message":"Server running on port 5000","timestamp":"2026-01-03T00:56:24.333Z"}
{"level":"info","message":"Environment: development","timestamp":"2026-01-03T00:56:24.334Z"}
{"level":"info","message":"Connected to MongoDB","timestamp":"2026-01-03T00:56:24.366Z"}
{"level":"info","message":"Client connected:","timestamp":"2026-01-03T00:56:26.648Z"}
{"level":"info","message":"Express trust proxy set to 1 (trust first proxy hop)","timestamp":"2026-01-03T01:01:55.102Z"}
{"level":"info","message":"Server running on port 5000","timestamp":"2026-01-03T01:01:56.057Z"}
{"level":"info","message":"Environment: development","timestamp":"2026-01-03T01:01:56.058Z"}
{"level":"info","message":"Connected to MongoDB","timestamp":"2026-01-03T01:01:56.086Z"}
{"level":"info","message":"Client connected:","timestamp":"2026-01-03T01:01:56.176Z"}
{"level":"info","message":"Express trust proxy set to 1 (trust first proxy hop)","timestamp":"2026-01-03T01:06:52.017Z"}
{"level":"info","message":"Server running on port 5000","timestamp":"2026-01-03T01:06:53.418Z"}
{"level":"info","message":"Environment: development","timestamp":"2026-01-03T01:06:53.419Z"}
{"level":"info","message":"Connected to MongoDB","timestamp":"2026-01-03T01:06:53.460Z"}
{"level":"info","message":"Client connected:","timestamp":"2026-01-03T01:06:54.650Z"}
{"level":"info","message":"Express trust proxy set to 1 (trust first proxy hop)","timestamp":"2026-01-03T01:10:02.051Z"}
{"level":"info","message":"Server running on port 5000","timestamp":"2026-01-03T01:10:02.901Z"}
{"level":"info","message":"Environment: development","timestamp":"2026-01-03T01:10:02.902Z"}
{"level":"info","message":"Connected to MongoDB","timestamp":"2026-01-03T01:10:02.925Z"}
{"level":"info","message":"Client connected:","timestamp":"2026-01-03T01:10:03.012Z"}
{"level":"info","message":"Express trust proxy set to 1 (trust first proxy hop)","timestamp":"2026-01-03T08:34:07.520Z"}
{"level":"info","message":"Server running on port 5000","timestamp":"2026-01-03T08:35:00.847Z"}
{"level":"info","message":"Environment: development","timestamp":"2026-01-03T08:35:00.848Z"}
{"level":"info","message":"Connected to MongoDB","timestamp":"2026-01-03T08:35:01.377Z"}
{"level":"info","message":"Client connected:","timestamp":"2026-01-03T09:55:58.973Z"}
{"level":"info","message":"Client connected:","timestamp":"2026-01-03T09:55:59.011Z"}
{"level":"info","message":"Client connected:","timestamp":"2026-01-03T09:55:59.018Z"}
